// Jest Snapshot v1, https://goo.gl/fbAQLP

exports[`snapshot test of article list should render correctly 1`] = `
<div>
  <ArticleContainer
    article={
      Object {
        "authorId": "a",
        "body": "body a",
        "date": "date a",
        "id": "a",
        "title": "title a",
      }
    }
  />
  <ArticleContainer
    article={
      Object {
        "authorId": "b",
        "body": "body b",
        "date": "date b",
        "id": "b",
        "title": "title b",
      }
    }
  />
</div>
`;
